Job started: Tue Mar 31 21:21:07 EDT 2026
Node: gl3032.arc-ts.umich.edu
Job ID: 46539311
Starting simulation...
======================================================================
  DINA EM-MIP Simulation Study
  K=3, J=10, rho=0, 100 replications
  Methods: multistart=20 and multistart=50
======================================================================

============================================================
  EM-MIP-20 — N=250, 100 replications
============================================================
  Rep 1/100 ...
Set parameter TSPort to value 16325
Set parameter TokenServer to value "license-gurobi.dsc.umich.edu"
  Rep 10/100 ...
  Rep 20/100 ...
  Rep 30/100 ...
  Rep 40/100 ...
  Rep 50/100 ...
  Rep 60/100 ...
  Rep 70/100 ...
  Rep 80/100 ...
  Rep 90/100 ...
  Rep 100/100 ...

  >> eMRR=93.83%  mMRR=21/100  mean_time=9.8s

============================================================
  EM-MIP-20 — N=500, 100 replications
============================================================
  Rep 1/100 ...
  Rep 10/100 ...
  Rep 20/100 ...
  Rep 30/100 ...
  Rep 40/100 ...
  Rep 50/100 ...
  Rep 60/100 ...
  Rep 70/100 ...
  Rep 80/100 ...
  Rep 90/100 ...
  Rep 100/100 ...

  >> eMRR=94.73%  mMRR=30/100  mean_time=11.5s

============================================================
  EM-MIP-20 — N=1000, 100 replications
============================================================
  Rep 1/100 ...
  Rep 10/100 ...
  Rep 20/100 ...
  Rep 30/100 ...
  Rep 40/100 ...
  Rep 50/100 ...
  Rep 60/100 ...
  Rep 70/100 ...
  Rep 80/100 ...
  Rep 90/100 ...
  Rep 100/100 ...

  >> eMRR=94.73%  mMRR=31/100  mean_time=15.8s

============================================================
  EM-MIP-50 — N=250, 100 replications
============================================================
  Rep 1/100 ...
  Rep 10/100 ...
  Rep 20/100 ...
  Rep 30/100 ...
  Rep 40/100 ...
  Rep 50/100 ...
  Rep 60/100 ...
  Rep 70/100 ...
  Rep 80/100 ...
  Rep 90/100 ...
  Rep 100/100 ...

  >> eMRR=96.43%  mMRR=38/100  mean_time=25.1s

============================================================
  EM-MIP-50 — N=500, 100 replications
============================================================
  Rep 1/100 ...
  Rep 10/100 ...
  Rep 20/100 ...
  Rep 30/100 ...
  Rep 40/100 ...
  Rep 50/100 ...
  Rep 60/100 ...
  Rep 70/100 ...
  Rep 80/100 ...
  Rep 90/100 ...
  Rep 100/100 ...

  >> eMRR=97.17%  mMRR=45/100  mean_time=28.7s

============================================================
  EM-MIP-50 — N=1000, 100 replications
============================================================
  Rep 1/100 ...
  Rep 10/100 ...
  Rep 20/100 ...
  Rep 30/100 ...
  Rep 40/100 ...
  Rep 50/100 ...
  Rep 60/100 ...
  Rep 70/100 ...
  Rep 80/100 ...
  Rep 90/100 ...
  Rep 100/100 ...

  >> eMRR=97.50%  mMRR=46/100  mean_time=39.0s

===========================================================================
  DINA EM-MIP Results — K=3, J=10, rho=0, 100 reps
===========================================================================
Method          N=250      mMRR    eMRR   T(s)  N=500      mMRR    eMRR   T(s)  N=1000     mMRR    eMRR   T(s)
---------------------------------------------------------------------------
EM-MIP-20               21/100   93.8%   9.8          30/100   94.7%  11.5          31/100   94.7%  15.8
EM-MIP-50               38/100   96.4%  25.1          45/100   97.2%  28.7          46/100   97.5%  39.0
---------------------------------------------------------------------------

Results saved to results_mip_simulation.csv and results_mip_simulation.txt
Job finished: Wed Apr  1 00:57:35 EDT 2026
